zï¿½Ñ…ï¿½}ï¿½ï¿½É…ï¿½ï¿½ BurstType    : 0x01 (Hybrid Wrap)[0m
[0;32mI (260) ocï¿½ESP-ROM:esp32s3-20210327
Build:Mar 27 2021
rst:0x1 (POWERON),boot:0x8 (SPI_FAST_FLASH_BOOT)
SPIWP:0xee
mode:DIO, clock div:1
load:0x3fce3820,len:0x1918
load:0x403c9700,len:0x4
load:0x403c9704,len:0xe5c
load:0x403cc700,len:0x3028
entry 0x403c993c
[0;32mI (27) boot: ESP-IDF v5.2.2 2nd stage bootloader[0m
[0;32mI (27) boot: compile time Oct  9 2025 20:22:36[0m
[0;32mI (27) boot: Multicore bootloader[0m
[0;32mI (30) boot: chip revision: v0.2[0m
[0;32mI (34) qio_mode: Enabling default flash chip QIO[0m
[0;32mI (39) boot.esp32s3: Boot SPI Speed : 80MHz[0m
[0;32mI (44) boot.esp32s3: SPI Mode       : QIO[0m
[0;32mI (48) boot.esp32s3: SPI Flash Size : 16MB[0m
[0;32mI (53) boot: Enabling RNG early entropy source...[0m
[0;32mI (59) boot: Partition Table:[0m
[0;32mI (62) boot: ## Label            Usage          Type ST Offset   Length[0m
[0;32mI (70) boot:  0 factory          factory app      00 00 00010000 00271000[0m
[0;32mI (77) boot:  1 model            Unknown data     01 82 00281000 0050c000[0m
[0;32mI (85) boot: End of partition table[0m
[0;32mI (89) esp_image: segment 0: paddr=00010020 vaddr=3c080020 size=13d08h ( 81160) map[0m
[0;32mI (109) esp_image: segment 1: paddr=00023d30 vaddr=3fc98e00 size=0541ch ( 21532) load[0m
[0;32mI (114) esp_image: segment 2: paddr=00029154 vaddr=40378000 size=06ec4h ( 28356) load[0m
[0;32mI (121) esp_image: segment 3: paddr=00030020 vaddr=42000020 size=752d8h (479960) map[0m
[0;32mI (196) esp_image: segment 4: paddr=000a5300 vaddr=4037eec4 size=09f28h ( 40744) load[0m
[0;32mI (212) boot: Loaded app from partition at offset 0x10000[0m
[0;32mI (212) boot: Disabling RNG early entropy source...[0m
[0;32mI (223) cpu_start: Multicore app[0m
[0;32mI (224) octal_psram: vendor id    : 0x0d (AP)[0m
[0;32mI (224) octal_psram: dev id       : 0x02 (generation 3)[0m
[0;32mI (227) octal_psram: density      : 0x03 (64 Mbit)[0m
[0;32mI (232) octal_psram: good-die     : 0x01 (Pass)[0m
[0;32mI (238) octal_psram: Latency      : 0x01 (Fixed)[0m
[0;32mI (243) octal_psram: VCC          : 0x01 (3V)[0m
[0;32mI (248) octal_psram: SRF          : 0x01 (Fast Refresh)[0m
[0;32mI (254) octal_psram: BurstType    : 0x01 (Hybrid Wrap)[0m
[0;32mI (260) octal_psram: BurstLen     : 0x01 (32 Byte)[0m
[0;32mI (265) octal_psram: Readlatency  : 0x02 (10 cycles@Fixed)[0m
[0;32mI (271) octal_psram: DriveStrength: 0x00 (1/1)[0m
[0;32mI (277) MSPI Timing: PSRAM timing tuning index: 5[0m
[0;32mI (282) esp_psram: Found 8MB PSRAM device[0m
[0;32mI (286) esp_psram: Speed: 80MHz[0m
[0;32mI (611) esp_psram: SPI SRAM memory test OK[0m
[0;32mI (620) cpu_start: Pro cpu start user code[0m
[0;32mI (621) cpu_start: cpu freq: 240000000 Hz[0m
[0;32mI (621) cpu_start: Application information:[0m
[0;32mI (624) cpu_start: Project name:     wake_word_detection[0m
[0;32mI (630) cpu_start: App version:      1[0m
[0;32mI (634) cpu_start: Compile time:     Oct  9 2025 20:22:26[0m
[0;32mI (640) cpu_start: ELF file SHA256:  e74b48eb5...[0m
[0;32mI (645) cpu_start: ESP-IDF:          v5.2.2[0m
[0;32mI (650) cpu_start: Min chip rev:     v0.0[0m
[0;32mI (655) cpu_start: Max chip rev:     v0.99 [0m
[0;32mI (660) cpu_start: Chip rev:         v0.2[0m
[0;32mI (665) heap_init: Initializing. RAM available for dynamic allocation:[0m
[0;32mI (672) heap_init: At 3FC9EBD8 len 0004AB38 (298 KiB): RAM[0m
[0;32mI (678) heap_init: At 3FCE9710 len 00005724 (21 KiB): RAM[0m
[0;32mI (684) heap_init: At 600FE010 len 00001FD8 (7 KiB): RTCRAM[0m
[0;32mI (690) esp_psram: Adding pool of 8192K of PSRAM memory to heap allocator[0m
[0;32mI (698) spi_flash: detected chip: generic[0m
[0;32mI (702) spi_flash: flash io: qio[0m
[0;32mI (706) sleep: Configure to isolate all GPIO pins in sleep state[0m
[0;32mI (713) sleep: Enable automatic switching of GPIO sleep configuration[0m
[0;32mI (720) main_task: Started on CPU0[0m
[0;32mI (730) esp_psram: Reserving pool of 32K of internal memory for DMA/internal allocations[0m
[0;32mI (730) main_task: Calling app_main()[0m
[0;32mI (740) MODEL_LOADER: The storage free size is 23936 KB[0m
[0;32mI (740) MODEL_LOADER: The partition size is 5168 KB[0m
[0;32mI (750) MODEL_LOADER: Successfully load srmodels[0m
[0;32mI (750) AFE_CONFIG: Set WakeNet Model: wn9_hiesp[0m
[0;32mI (760) AFE_CONFIG: Set VAD Model: vadnet1_medium[0m
[0;32mI (760) AFE_CONFIG: Set Second WakeNet Model: wn9_hiesp[0m
wakeword model in AFE config: wn9_hiesp
MC Quantized vadnet1:vadnet1_mediumv1_Speech_1_0.5_0.1, min speech:128 ms, min noise:992 ms, mode:0, threshold:0.500, channel:3, tigger:v1 (Aug 11 2025 15:20:51)
MC Quantized wakenet9: wakeNet9_v1h24_Hi,ESP_3_0.63_0.635, tigger:v4, mode:4, p:0, (Aug 11 2025 15:20:50)
MC Quantized wakenet9s: wakenet9_tts2h12_Hi,ESP_3_0.630_0.635, tigger:v4, mode:4, p:0, (Aug 11 2025 15:20:50)
[0;32mI (940) AFE: AFE Version: (2MIC_V250113)[0m
[0;32mI (940) AFE: Input PCM Config: total 2 channels(2 microphone, 0 playback), sample rate:16000[0m
[0;32mI (950) AFE: AFE Pipeline: [input] -> |SE(BSS)| -> |VAD(vadnet1_medium)| -> |WakeNet(wn9_hiesp,wn9s_hiesp)| |SE(BSS)| -> [output][0m
[0;32mI (970) main_task: Returned from app_main()[0m
------------detect start------------
>>>> WAKEWORD DETECTED! <<<<
model index:1, word index:1
-----------LISTENING-----------
>>>> WAKEWORD DETECTED! <<<<
model index:1, word index:1
-----------LISTENING-----------
>>>> WAKEWORD DETECTED! <<<<
model index:1, word index:1
-----------LISTENING-----------
>>>> WAKEWORD DETECTED! <<<<
model index:1, word index:1
-----------LISTENING-----------
>>>> WAKEWORD DETECTED! <<<<
model index:1, word index:1
-----------LISTENING-----------
>>>> WAKEWORD DETECTED! <<<<
model index:1, word index:1
-----------LISTENING-----------
>>>> WAKEWORD DETECTED! <<<<
model index:1, word index:1
-----------LISTENING-----------
>>>> WAKEWORD DETECTED! <<<<
model index:1, word index:1
-----------LISTENING-----------
